
ERROR: JAVA_HOME is set to an invalid directory: /mnt/c/Program Files/Eclipse Adoptium/jdk-17.0.8.101-hotspot

Please set the JAVA_HOME variable in your environment to match the
location of your Java installation.

